main                   layout=grid  rows=1-9   icons=some scope=main             crumb=1
liked                  layout=list  rows=100+  icons=some scope=liked            crumb=2
top-tracks             layout=list  rows=100+  icons=some scope=top-tracks       crumb=2
recently-played        layout=list  rows=100+  icons=some scope=recently-played  crumb=2
saved-albums           layout=grid  rows=10-99 icons=some scope=saved-albums     crumb=2
followed-artists       layout=grid  rows=10-99 icons=some scope=followed-artists crumb=2
playlists              layout=grid  rows=1-9   icons=some scope=playlists        crumb=2
categories             layout=grid  rows=10-99 icons=some scope=categories       crumb=2
collections            layout=grid  rows=1-9   icons=some scope=spotify-picks    crumb=2
new-releases           layout=grid  rows=10-99 icons=some scope=new-releases     crumb=2
top-artists            layout=grid  rows=10-99 icons=some scope=top-artists      crumb=2
discover-genre         layout=list  rows=100+  icons=none scope=discover-genre   crumb=2
podcasts               layout=grid  rows=10-99 icons=some scope=podcasts         crumb=2
library                layout=grid  rows=1-9   icons=some scope=library          crumb=2
system                 layout=list  rows=10-99 icons=none scope=system           crumb=2
playback               layout=list  rows=10-99 icons=none scope=playback         crumb=2
album                  layout=list  rows=1-9   icons=some scope=album            crumb=3
album-actions          layout=list  rows=1-9   icons=none scope=saved-albums     crumb=2
album>track-actions    layout=list  rows=10-99 icons=none scope=action           crumb=4
artist-albums          layout=grid  rows=10-99 icons=some scope=artist-albums    crumb=4
artist-actions         layout=list  rows=1-9   icons=none scope=followed-artists crumb=2
library>liked          layout=list  rows=100+  icons=some scope=liked            crumb=3
track-actions          layout=list  rows=10-99 icons=none scope=action           crumb=3
trail-jump             layout=list  rows=100+  icons=none scope=None             crumb=1
search-results         answers=yes
your-queue             answers=yes
show-list              answers=yes
latest-episodes        answers=yes
saved-episodes         answers=yes
lyrics-current         answers=yes
art-current            answers=yes
seek-current           answers=yes
actions-current        answers=yes
