main                   layout=grid  rows=1-9   icons=some scope=main             ctx=no  crumb=1
liked                  layout=list  rows=100+  icons=none scope=liked            ctx=no  crumb=2
top-tracks             layout=list  rows=10-99 icons=none scope=top-tracks       ctx=no  crumb=2
recently-played        layout=list  rows=100+  icons=none scope=recently-played  ctx=no  crumb=2
saved-albums           layout=grid  rows=10-99 icons=some scope=saved-albums     ctx=no  crumb=2
followed-artists       layout=grid  rows=10-99 icons=some scope=followed-artists ctx=no  crumb=2
playlists              layout=grid  rows=1-9   icons=some scope=playlists        ctx=no  crumb=2
categories             layout=grid  rows=10-99 icons=some scope=categories       ctx=no  crumb=2
collections            layout=grid  rows=1-9   icons=some scope=spotify-picks    ctx=no  crumb=2
new-releases           layout=grid  rows=10-99 icons=some scope=new-releases     ctx=no  crumb=2
top-artists            layout=grid  rows=1-9   icons=some scope=top-artists      ctx=no  crumb=2
discover-genre         layout=list  rows=100+  icons=none scope=discover-genre   ctx=no  crumb=2
podcasts               layout=grid  rows=10-99 icons=some scope=podcasts         ctx=no  crumb=2
library                layout=grid  rows=1-9   icons=some scope=library          ctx=no  crumb=2
system                 layout=list  rows=10-99 icons=none scope=system           ctx=no  crumb=2
ui-settings            layout=list  rows=1-9   icons=none scope=ui-settings      ctx=no  crumb=2
ui-settings>opacity    layout=list  rows=10-99 icons=none scope=ui-setting       ctx=no  crumb=3
playback               layout=list  rows=10-99 icons=none scope=playback         ctx=no  crumb=2
album                  layout=list  rows=1-9   icons=none scope=album            ctx=no  crumb=3
album-actions          layout=list  rows=1-9   icons=none scope=saved-albums     ctx=yes crumb=2
album>track-actions    layout=list  rows=10-99 icons=none scope=album            ctx=yes crumb=3
artist-albums          layout=grid  rows=10-99 icons=some scope=artist-albums    ctx=no  crumb=4
artist-actions         layout=list  rows=1-9   icons=none scope=followed-artists ctx=yes crumb=2
library>liked          layout=list  rows=100+  icons=none scope=liked            ctx=no  crumb=3
track-actions          layout=list  rows=10-99 icons=none scope=liked            ctx=yes crumb=2
trail-jump             layout=list  rows=100+  icons=none scope=None             ctx=no  crumb=1
ctx:track              layout=list  rows=10-99 icons=none scope=liked            ctx=yes crumb=2
ctx:album              layout=list  rows=1-9   icons=none scope=saved-albums     ctx=yes crumb=2
ctx:artist             layout=list  rows=1-9   icons=none scope=followed-artists ctx=yes crumb=2
ctx:trail              layout=list  rows=1-9   icons=none scope=liked            ctx=no  crumb=2
search-results         answers=yes
your-queue             answers=yes
show-list              answers=yes
latest-episodes        answers=yes
saved-episodes         answers=yes
origin                 answers=yes
lyrics-current         answers=yes
art-current            answers=yes
seek-current           answers=yes
